13:16:30 **** Incremental Build of configuration Debug for project 01TEST ****
make -j8 all 
arm-none-eabi-gcc "../Core/Src/main.c" -mcpu=cortex-m4 -std=gnu11 -g3 -DDEBUG -DUSE_HAL_DRIVER -DSTM32F411xE -c -I../Core/Inc -I../Drivers/STM32F4xx_HAL_Driver/Inc -I../Drivers/STM32F4xx_HAL_Driver/Inc/Legacy -I../Drivers/CMSIS/Device/ST/STM32F4xx/Include -I../Drivers/CMSIS/Include -O0 -ffunction-sections -fdata-sections -Wall -fstack-usage -MMD -MP -MF"Core/Src/main.d" -MT"Core/Src/main.o" --specs=nano.specs -mfpu=fpv4-sp-d16 -mfloat-abi=hard -mthumb -o "Core/Src/main.o"
arm-none-eabi-gcc -o "01TEST.elf" @"objects.list"   -mcpu=cortex-m4 -T"C:\Users\Niboon\Desktop\TT_STM32\01TEST\01TEST\STM32F411RETX_FLASH.ld" --specs=nosys.specs -Wl,-Map="01TEST.map" -Wl,--gc-sections -static --specs=nano.specs -mfpu=fpv4-sp-d16 -mfloat-abi=hard -mthumb -Wl,--start-group -lc -lm -Wl,--end-group
Finished building target: 01TEST.elf
 
arm-none-eabi-size   01TEST.elf 
arm-none-eabi-objdump -h -S  01TEST.elf  > "01TEST.list"
arm-none-eabi-objcopy  -O binary  01TEST.elf  "01TEST.bin"
   text	   data	    bss	    dec	    hex	filename
   7392	     20	   1636	   9048	   2358	01TEST.elf
Finished building: default.size.stdout
 
Finished building: 01TEST.bin
 
Finished building: 01TEST.list
 

13:16:31 Build Finished. 0 errors, 0 warnings. (took 983ms)

